<?xml version="1.0" encoding="UTF-8"?><permutations>
<permutation name="F0F242B9E9B1E537280DB1B3C39C5EFF">
<mgwt.os>desktop</mgwt.os>
<mobile.user.agent>not_mobile</mobile.user.agent>
<user.agent>opera</user.agent>
</permutation>
<permutation name="393568A15E6E29B5D280609F64750569">
<mgwt.os>desktop</mgwt.os>
<user.agent>ie8</user.agent>
<mobile.user.agent>not_mobile</mobile.user.agent>
</permutation>
<permutation name="B6BBE3E7F0F291298C7732818C45AF20">
<mgwt.os>blackberry</mgwt.os>
<mobile.user.agent>mobilesafari</mobile.user.agent>
<user.agent>safari</user.agent>
</permutation>
<permutation name="3D01F9038B0F445B8A39DF4E0B3D02BE">
<mgwt.os>android_tablet</mgwt.os>
<user.agent>safari</user.agent>
<mobile.user.agent>not_mobile</mobile.user.agent>
</permutation>
<permutation name="806525062A4208FB36FC492D5D572BBA">
<mobile.user.agent>mobilesafari</mobile.user.agent>
<mgwt.os>retina</mgwt.os>
<user.agent>safari</user.agent>
</permutation>
<permutation name="7D83F1DD5DFD83079BD7C65FC33E5230">
<mobile.user.agent>mobilesafari</mobile.user.agent>
<mgwt.os>android</mgwt.os>
<user.agent>safari</user.agent>
</permutation>
<permutation name="E7E862F48C357808A004A6B6938EF216">
<user.agent>safari</user.agent>
<mobile.user.agent>not_mobile</mobile.user.agent>
<mgwt.os>ipad_retina</mgwt.os>
</permutation>
<permutation name="8F239098706B3CA0B47CCC156B3291FB">
<mgwt.os>blackberry</mgwt.os>
<user.agent>safari</user.agent>
<mobile.user.agent>not_mobile</mobile.user.agent>
</permutation>
<permutation name="01AB472F98F4B6ED6998FBBA444093BC">
<mgwt.os>desktop</mgwt.os>
<user.agent>safari</user.agent>
<mobile.user.agent>not_mobile</mobile.user.agent>
</permutation>
<permutation name="6D2EB89B10D58F0FE66D5DF4D26DAF5D">
<mgwt.os>retina</mgwt.os>
<user.agent>safari</user.agent>
<mobile.user.agent>not_mobile</mobile.user.agent>
</permutation>
<permutation name="2C3C08EA19212CF9A66C6ACFAE5E390F">
<mgwt.os>ipad</mgwt.os>
<user.agent>safari</user.agent>
<mobile.user.agent>not_mobile</mobile.user.agent>
</permutation>
<permutation name="C58283E56A888768B6BA495FE9A00EFE">
<mobile.user.agent>mobilesafari</mobile.user.agent>
<mgwt.os>ipad</mgwt.os>
<user.agent>safari</user.agent>
</permutation>
<permutation name="0C1B94ED4F251D03BFD9FE3A6CFC370D">
<mgwt.os>iphone</mgwt.os>
<user.agent>safari</user.agent>
<mobile.user.agent>not_mobile</mobile.user.agent>
</permutation>
<permutation name="4CFD670CC5E629ACF20DEA9FA03EB177">
<mobile.user.agent>mobilesafari</mobile.user.agent>
<user.agent>safari</user.agent>
<mgwt.os>ipad_retina</mgwt.os>
</permutation>
<permutation name="7703D70A8657C08DF6EA2CE5A8B8260E">
<user.agent>gecko1_8</user.agent>
<mgwt.os>desktop</mgwt.os>
<mobile.user.agent>not_mobile</mobile.user.agent>
</permutation>
<permutation name="3E96E138DD98F1E4D062A1730463858D">
<mgwt.os>desktop</mgwt.os>
<mobile.user.agent>not_mobile</mobile.user.agent>
<user.agent>ie9</user.agent>
</permutation>
<permutation name="B43A66108F9961004DDCC16235205532">
<mgwt.os>android</mgwt.os>
<user.agent>safari</user.agent>
<mobile.user.agent>not_mobile</mobile.user.agent>
</permutation>
<permutation name="DC438CD4A3EEF0E9955B22FD48A62B6D">
<mobile.user.agent>mobilesafari</mobile.user.agent>
<mgwt.os>desktop</mgwt.os>
<user.agent>safari</user.agent>
</permutation>
<permutation name="C51CB0CA094AE60E4860F83D8C52DD6F">
<mobile.user.agent>mobilesafari</mobile.user.agent>
<mgwt.os>android_tablet</mgwt.os>
<user.agent>safari</user.agent>
</permutation>
<permutation name="95AFE927C9C21A66099437DE73304E7A">
<mobile.user.agent>mobilesafari</mobile.user.agent>
<mgwt.os>iphone</mgwt.os>
<user.agent>safari</user.agent>
</permutation>
</permutations>
