<?xml version="1.0" encoding="UTF-8"?><permutations>
<permutation name="08D8B42FB29E5640E83A33B3D6A55DAE">
<mobile.user.agent>mobilesafari</mobile.user.agent>
<mgwt.os>ipad</mgwt.os>
<user.agent>safari</user.agent>
</permutation>
<permutation name="EDF45CCB57405D4FC302DAF462B8437D">
<mobile.user.agent>mobilesafari</mobile.user.agent>
<mgwt.os>iphone</mgwt.os>
<user.agent>safari</user.agent>
</permutation>
<permutation name="ABA7466213ADEB96F730122809CE85BB">
<mgwt.os>iphone</mgwt.os>
<user.agent>safari</user.agent>
<mobile.user.agent>not_mobile</mobile.user.agent>
</permutation>
<permutation name="485A026D2493617695C76F5122C26A77">
<user.agent>gecko1_8</user.agent>
<mgwt.os>desktop</mgwt.os>
<mobile.user.agent>not_mobile</mobile.user.agent>
</permutation>
<permutation name="2A7D23F3B754A3A911C80111B331C5E9">
<mobile.user.agent>mobilesafari</mobile.user.agent>
<user.agent>safari</user.agent>
<mgwt.os>ipad_retina</mgwt.os>
</permutation>
<permutation name="3445541A421887B4443C5B5098840002">
<mgwt.os>blackberry</mgwt.os>
<mobile.user.agent>mobilesafari</mobile.user.agent>
<user.agent>safari</user.agent>
</permutation>
<permutation name="DA874C32FE451821041A8B3DFAF7C5F6">
<mgwt.os>ipad</mgwt.os>
<user.agent>safari</user.agent>
<mobile.user.agent>not_mobile</mobile.user.agent>
</permutation>
<permutation name="B7792E6339D4003B4F5CA7ECF71116E8">
<mgwt.os>android_tablet</mgwt.os>
<user.agent>safari</user.agent>
<mobile.user.agent>not_mobile</mobile.user.agent>
</permutation>
<permutation name="98C107F73F355C45AB71F3261F56F8EB">
<mgwt.os>retina</mgwt.os>
<user.agent>safari</user.agent>
<mobile.user.agent>not_mobile</mobile.user.agent>
</permutation>
<permutation name="DAD4CF3BCBAB2552E3590F5A2C918A27">
<mobile.user.agent>mobilesafari</mobile.user.agent>
<mgwt.os>android</mgwt.os>
<user.agent>safari</user.agent>
</permutation>
<permutation name="7A910207B7A7DE1465ECC5CD2A0ED523">
<mgwt.os>desktop</mgwt.os>
<user.agent>ie8</user.agent>
<mobile.user.agent>not_mobile</mobile.user.agent>
</permutation>
<permutation name="55A98F9FF5D8D52D71B0D96318ED6E4C">
<mgwt.os>desktop</mgwt.os>
<mobile.user.agent>not_mobile</mobile.user.agent>
<user.agent>opera</user.agent>
</permutation>
<permutation name="51BC4AE3A526C1EF1792341F61FBCA9C">
<user.agent>safari</user.agent>
<mobile.user.agent>not_mobile</mobile.user.agent>
<mgwt.os>ipad_retina</mgwt.os>
</permutation>
<permutation name="647FD0BCFA7830C99BF7E8833E79CF99">
<mobile.user.agent>mobilesafari</mobile.user.agent>
<mgwt.os>android_tablet</mgwt.os>
<user.agent>safari</user.agent>
</permutation>
<permutation name="931FE4218D1C25BB627076A95A5B92C6">
<mobile.user.agent>mobilesafari</mobile.user.agent>
<mgwt.os>retina</mgwt.os>
<user.agent>safari</user.agent>
</permutation>
<permutation name="F8D20B279FBD950442EDD6EDEC2AC040">
<mobile.user.agent>mobilesafari</mobile.user.agent>
<mgwt.os>desktop</mgwt.os>
<user.agent>safari</user.agent>
</permutation>
<permutation name="84115DAD15C069735118FD2A037E6963">
<mgwt.os>blackberry</mgwt.os>
<user.agent>safari</user.agent>
<mobile.user.agent>not_mobile</mobile.user.agent>
</permutation>
<permutation name="668E32623BD8E46419BB2FE8796FEEE7">
<mgwt.os>desktop</mgwt.os>
<user.agent>safari</user.agent>
<mobile.user.agent>not_mobile</mobile.user.agent>
</permutation>
<permutation name="57B981A52EE4335478CF18444CFDA4E0">
<mgwt.os>android</mgwt.os>
<user.agent>safari</user.agent>
<mobile.user.agent>not_mobile</mobile.user.agent>
</permutation>
<permutation name="7F0373AE734AE97B9F0488230C5EFEDE">
<mgwt.os>desktop</mgwt.os>
<mobile.user.agent>not_mobile</mobile.user.agent>
<user.agent>ie9</user.agent>
</permutation>
</permutations>
