<?xml version="1.0" encoding="UTF-8"?><permutations>
<permutation name="947352A5B2084509A0271DE3B5A811E6">
<mobile.user.agent>mobilesafari</mobile.user.agent>
<mgwt.os>iphone</mgwt.os>
<user.agent>safari</user.agent>
</permutation>
<permutation name="8AB8593B667B473777A0CE2E77B6F97B">
<mgwt.os>blackberry</mgwt.os>
<mobile.user.agent>mobilesafari</mobile.user.agent>
<user.agent>safari</user.agent>
</permutation>
<permutation name="B7DD2CBDDAADD3020ACBA01DC6DD05FF">
<user.agent>safari</user.agent>
<mobile.user.agent>not_mobile</mobile.user.agent>
<mgwt.os>ipad_retina</mgwt.os>
</permutation>
<permutation name="EF76EA0F0708CC4BF8AC1840F2523FD8">
<mobile.user.agent>mobilesafari</mobile.user.agent>
<user.agent>safari</user.agent>
<mgwt.os>ipad_retina</mgwt.os>
</permutation>
<permutation name="AC3CAE2A86544448BCBCD2BFE805CFAB">
<mgwt.os>iphone</mgwt.os>
<user.agent>safari</user.agent>
<mobile.user.agent>not_mobile</mobile.user.agent>
</permutation>
<permutation name="222F4F02C02A1DC6AEA147F1A289C005">
<mgwt.os>desktop</mgwt.os>
<user.agent>safari</user.agent>
<mobile.user.agent>not_mobile</mobile.user.agent>
</permutation>
<permutation name="9A88627943544B0D643B60B4FC8A04B7">
<mgwt.os>ipad</mgwt.os>
<user.agent>safari</user.agent>
<mobile.user.agent>not_mobile</mobile.user.agent>
</permutation>
<permutation name="2E848A0AC1829679DC09C8BE6D57685E">
<mgwt.os>android_tablet</mgwt.os>
<user.agent>safari</user.agent>
<mobile.user.agent>not_mobile</mobile.user.agent>
</permutation>
<permutation name="13562D14D838510CADA76F07DE295929">
<mgwt.os>blackberry</mgwt.os>
<user.agent>safari</user.agent>
<mobile.user.agent>not_mobile</mobile.user.agent>
</permutation>
<permutation name="35C182023AC8FD860D968A8F02F16464">
<mobile.user.agent>mobilesafari</mobile.user.agent>
<mgwt.os>retina</mgwt.os>
<user.agent>safari</user.agent>
</permutation>
<permutation name="4BDC2F360A2348BD19C514E5B7AC68C9">
<mgwt.os>desktop</mgwt.os>
<user.agent>ie8</user.agent>
<mobile.user.agent>not_mobile</mobile.user.agent>
</permutation>
<permutation name="9C6D1810B063F2557010521194CFB81F">
<mobile.user.agent>mobilesafari</mobile.user.agent>
<mgwt.os>ipad</mgwt.os>
<user.agent>safari</user.agent>
</permutation>
<permutation name="1F79756EC9048BB4C4E88EDA286D707C">
<mgwt.os>retina</mgwt.os>
<user.agent>safari</user.agent>
<mobile.user.agent>not_mobile</mobile.user.agent>
</permutation>
<permutation name="6E8522A9AF5D9A4C686279C6CA8003F8">
<mobile.user.agent>mobilesafari</mobile.user.agent>
<mgwt.os>android</mgwt.os>
<user.agent>safari</user.agent>
</permutation>
<permutation name="D84895B4DE4DC4AFD6656D915CA398BE">
<mgwt.os>android</mgwt.os>
<user.agent>safari</user.agent>
<mobile.user.agent>not_mobile</mobile.user.agent>
</permutation>
<permutation name="C8115BA544DA9005ACCCE4BA41C73D7B">
<mobile.user.agent>mobilesafari</mobile.user.agent>
<mgwt.os>android_tablet</mgwt.os>
<user.agent>safari</user.agent>
</permutation>
<permutation name="B9B68361474532BB2C0D4E9D534C5EAB">
<mgwt.os>desktop</mgwt.os>
<mobile.user.agent>not_mobile</mobile.user.agent>
<user.agent>opera</user.agent>
</permutation>
<permutation name="629EA2D8D85368C80AFA8449737255F9">
<mobile.user.agent>mobilesafari</mobile.user.agent>
<mgwt.os>desktop</mgwt.os>
<user.agent>safari</user.agent>
</permutation>
<permutation name="E2436B802496E6A5B0C57F9E8D297FC3">
<mgwt.os>desktop</mgwt.os>
<mobile.user.agent>not_mobile</mobile.user.agent>
<user.agent>ie9</user.agent>
</permutation>
<permutation name="2157B1FA578B8D63413AFBBC6E3E483B">
<user.agent>gecko1_8</user.agent>
<mgwt.os>desktop</mgwt.os>
<mobile.user.agent>not_mobile</mobile.user.agent>
</permutation>
</permutations>
